// Jest Snapshot v1, https://goo.gl/fbAQLP

exports[`FlatButton should render 1`] = `
<View
  accessible={true}
  focusable={true}
  onBlur={[Function]}
  onClick={[Function]}
  onFocus={[Function]}
  onResponderGrant={[Function]}
  onResponderMove={[Function]}
  onResponderRelease={[Function]}
  onResponderTerminate={[Function]}
  onResponderTerminationRequest={[Function]}
  onStartShouldSetResponder={[Function]}
  style={
    Object {
      "alignItems": "center",
      "backgroundColor": "#333333",
      "borderRadius": 10,
      "elevation": 2,
      "flexDirection": "row",
      "justifyContent": "center",
      "minHeight": 44,
      "opacity": 1,
      "paddingHorizontal": 16,
      "paddingVertical": 8,
    }
  }
>
  <Text
    style={
      Object {
        "color": "#FFFFFF",
        "flex": 1,
        "textAlign": "center",
      }
    }
  >
    test
  </Text>
</View>
`;

exports[`FlatButton should render an icon 1`] = `
<View
  accessible={true}
  focusable={true}
  onBlur={[Function]}
  onClick={[Function]}
  onFocus={[Function]}
  onResponderGrant={[Function]}
  onResponderMove={[Function]}
  onResponderRelease={[Function]}
  onResponderTerminate={[Function]}
  onResponderTerminationRequest={[Function]}
  onStartShouldSetResponder={[Function]}
  style={
    Object {
      "alignItems": "center",
      "backgroundColor": "#333333",
      "borderRadius": 10,
      "elevation": 2,
      "flexDirection": "row",
      "justifyContent": "center",
      "minHeight": 44,
      "opacity": 1,
      "paddingHorizontal": 16,
      "paddingVertical": 8,
    }
  }
>
  <Text
    allowFontScaling={false}
    style={
      Array [
        Object {
          "color": "#FFFFFF",
          "fontSize": 22,
        },
        Object {
          "marginRight": 4,
        },
        Object {
          "fontFamily": "ionicons",
          "fontStyle": "normal",
          "fontWeight": "normal",
        },
        Object {},
      ]
    }
  >
    Ôèú
  </Text>
  <Text
    style={
      Object {
        "color": "#FFFFFF",
        "flex": 1,
        "textAlign": "center",
      }
    }
  >
    test
  </Text>
</View>
`;
